\BOOKMARK [1][-]{section.1}{\376\377\230\171\166\356\151\202\217\360}{}% 1
\BOOKMARK [2][-]{subsection.1.1}{\376\377\230\171\166\356\124\015\171\360\116\016\133\232\117\115}{section.1}% 2
\BOOKMARK [2][-]{subsection.1.2}{\376\377\172\313\230\171\176\323\213\272}{section.1}% 3
\BOOKMARK [1][-]{section.2}{\376\377\136\002\127\072\122\006\147\220}{}% 4
\BOOKMARK [2][-]{subsection.2.1}{\376\377\133\217\211\302\136\002\127\072\163\257\130\203}{section.2}% 5
\BOOKMARK [3][-]{subsubsection.2.1.1}{\376\377\155\210\215\071\215\213\122\277\377\032\145\207\123\026\132\061\116\120\145\057\121\372\143\001\176\355\130\236\225\177}{subsection.2.1}% 6
\BOOKMARK [3][-]{subsubsection.2.1.2}{\376\377\116\247\116\032\211\304\152\041\377\032\210\127\202\036\127\371\213\255\135\362\137\142\142\020\142\020\161\237\177\121\176\334}{subsection.2.1}% 7
\BOOKMARK [3][-]{subsubsection.2.1.3}{\376\377\145\077\173\126\145\057\144\221\377\032\210\127\202\036\116\316\127\010\134\102\215\160\124\021\116\073\155\101}{subsection.2.1}% 8
\BOOKMARK [3][-]{subsubsection.2.1.4}{\376\377\121\205\133\271\165\037\140\001\377\032\167\355\211\306\230\221\136\163\123\360\143\320\117\233\117\040\144\255\127\372\170\100\213\276\145\275}{subsection.2.1}% 9
\BOOKMARK [2][-]{subsection.2.2}{\376\377\166\356\150\007\136\002\127\072\133\232\117\115}{section.2}% 10
\BOOKMARK [2][-]{subsection.2.3}{\376\377\136\002\127\072\172\172\166\175\122\006\147\220}{section.2}% 11
\BOOKMARK [2][-]{subsection.2.4}{\376\377\172\336\124\301\122\006\147\220}{section.2}% 12
\BOOKMARK [3][-]{subsubsection.2.4.1}{\376\377\172\336\124\301\122\006\174\173\116\016\133\371\153\324}{subsection.2.4}% 13
\BOOKMARK [3][-]{subsubsection.2.4.2}{\376\377\000B\000i\000t\000D\000a\000n\000c\000e\000\040\166\204\135\356\137\002\123\026\133\232\117\115}{subsection.2.4}% 14
\BOOKMARK [3][-]{subsubsection.2.4.3}{\376\377\166\356\150\007\116\272\177\244\141\017\141\077\232\214\213\301}{subsection.2.4}% 15
\BOOKMARK [1][-]{section.3}{\376\377\165\050\142\067\116\016\227\000\154\102\122\006\147\220}{}% 16
\BOOKMARK [2][-]{subsection.3.1}{\376\377\165\050\142\067\165\073\120\317}{section.3}% 17
\BOOKMARK [3][-]{subsubsection.3.1.1}{\376\377\165\073\120\317\000\040\000A\377\032\202\036\216\110\121\145\225\350\145\260\142\113}{subsection.3.1}% 18
\BOOKMARK [3][-]{subsubsection.3.1.2}{\376\377\165\073\120\317\000\040\000B\377\032\143\001\176\355\133\146\202\036\166\204\217\333\226\066\165\050\142\067}{subsection.3.1}% 19
\BOOKMARK [3][-]{subsubsection.3.1.3}{\376\377\165\073\120\317\000\040\000C\377\032\202\036\133\244\176\317\204\045\200\005\000/\162\354\172\313\145\131\176\303}{subsection.3.1}% 20
\BOOKMARK [2][-]{subsection.3.2}{\376\377\227\000\154\102\134\102\153\041\122\006\147\220}{section.3}% 21
\BOOKMARK [2][-]{subsection.3.3}{\376\377\227\000\154\102\122\006\147\220\140\073\176\323}{section.3}% 22
\BOOKMARK [2][-]{subsection.3.4}{\376\377\150\070\137\303\165\050\142\067\127\072\146\157}{section.3}% 23
\BOOKMARK [1][-]{section.4}{\376\377\116\247\124\301\145\271\150\110\116\016\122\237\200\375\213\276\213\241}{}% 24
\BOOKMARK [2][-]{subsection.4.1}{\376\377\117\123\232\214\213\276\213\241\164\006\137\365}{section.4}% 25
\BOOKMARK [2][-]{subsection.4.2}{\376\377\122\237\200\375\147\266\147\204\140\073\211\310}{section.4}% 26
\BOOKMARK [2][-]{subsection.4.3}{\376\377\000M\0001\377\032\202\036\133\244\116\016\213\376\172\013\152\041\127\127}{section.4}% 27
\BOOKMARK [3][-]{subsubsection.4.3.1}{\376\377\122\237\200\375\156\005\123\125}{subsection.4.3}% 28
\BOOKMARK [3][-]{subsubsection.4.3.2}{\376\377\150\070\137\303\165\050\117\213\377\010\000U\000C\000-\0000\0001\377\011\377\032\165\050\142\067\144\034\175\042\226\104\217\321\202\036\133\244}{subsection.4.3}% 29
\BOOKMARK [3][-]{subsubsection.4.3.3}{\376\377\116\032\122\241\211\304\122\031}{subsection.4.3}% 30
\BOOKMARK [2][-]{subsection.4.4}{\376\377\000M\0002\377\032\213\304\116\367\174\373\176\337\152\041\127\127}{section.4}% 31
\BOOKMARK [3][-]{subsubsection.4.4.1}{\376\377\122\237\200\375\156\005\123\125}{subsection.4.4}% 32
\BOOKMARK [3][-]{subsubsection.4.4.2}{\376\377\213\304\116\367\176\364\136\246\213\276\213\241}{subsection.4.4}% 33
\BOOKMARK [3][-]{subsubsection.4.4.3}{\376\377\213\304\116\367\147\103\221\315\116\016\230\316\143\247\211\304\122\031}{subsection.4.4}% 34
\BOOKMARK [2][-]{subsection.4.5}{\376\377\000M\0003\377\032\165\050\142\067\215\046\123\367\152\041\127\127}{section.4}% 35
\BOOKMARK [3][-]{subsubsection.4.5.1}{\376\377\165\050\142\067\211\322\202\162\213\276\213\241}{subsection.4.5}% 36
\BOOKMARK [2][-]{subsection.4.6}{\376\377\000M\0004\377\032\176\246\176\303\171\076\116\244\152\041\127\127}{section.4}% 37
\BOOKMARK [3][-]{subsubsection.4.6.1}{\376\377\150\070\137\303\165\050\117\213\377\010\000U\000C\000-\0000\0003\377\011\377\032\123\321\136\003\176\246\176\303\136\166\123\071\221\115\144\055\133\120}{subsection.4.6}% 38
\BOOKMARK [3][-]{subsubsection.4.6.2}{\376\377\116\032\122\241\211\304\122\031}{subsection.4.6}% 39
\BOOKMARK [2][-]{subsection.4.7}{\376\377\000M\0005\377\032\142\020\225\177\150\143\150\110\152\041\127\127}{section.4}% 40
\BOOKMARK [3][-]{subsubsection.4.7.1}{\376\377\142\020\225\177\145\160\143\156\143\007\150\007}{subsection.4.7}% 41
\BOOKMARK [2][-]{subsection.4.8}{\376\377\000M\0006\377\032\171\076\123\072\116\016\155\073\122\250\152\041\127\127}{section.4}% 42
\BOOKMARK [3][-]{subsubsection.4.8.1}{\376\377\000W\000o\000r\000k\000s\000h\000o\000p\000\040\116\032\122\241\155\101\172\013}{subsection.4.8}% 43
\BOOKMARK [2][-]{subsection.4.9}{\376\377\000M\0007\377\032\125\106\133\266\173\241\164\006\152\041\127\127}{section.4}% 44
\BOOKMARK [3][-]{subsubsection.4.9.1}{\376\377\211\322\202\162\147\103\226\120\167\351\226\065}{subsection.4.9}% 45
\BOOKMARK [2][-]{subsection.4.10}{\376\377\135\345\172\013\131\015\147\102\140\047\213\364\146\016}{section.4}% 46
\BOOKMARK [1][-]{section.5}{\376\377\165\050\142\067\116\367\120\074\116\016\125\106\116\032\152\041\137\017}{}% 47
\BOOKMARK [2][-]{subsection.5.1}{\376\377\165\050\142\067\116\367\120\074}{section.5}% 48
\BOOKMARK [2][-]{subsection.5.2}{\376\377\150\070\137\303\116\244\146\023}{section.5}% 49
\BOOKMARK [2][-]{subsection.5.3}{\376\377\125\106\116\032\123\026\215\357\137\204}{section.5}% 50
\BOOKMARK [2][-]{subsection.5.4}{\376\377\146\377\143\142\142\020\147\054\143\247\122\066}{section.5}% 51
\BOOKMARK [1][-]{section.6}{\376\377\000M\000V\000P\000\040\232\214\213\301\145\271\150\110}{}% 52
\BOOKMARK [2][-]{subsection.6.1}{\376\377\000M\000V\000P\000\040\203\003\126\364}{section.6}% 53
\BOOKMARK [2][-]{subsection.6.2}{\376\377\213\325\160\271\173\126\165\145}{section.6}% 54
\BOOKMARK [2][-]{subsection.6.3}{\376\377\142\020\122\237\143\007\150\007}{section.6}% 55
\BOOKMARK [2][-]{subsection.6.4}{\376\377\116\072\116\300\116\110\137\305\230\173\121\110\120\132\000\040\000M\000V\000P}{section.6}% 56
\BOOKMARK [1][-]{section.7}{\376\377\230\316\226\151\116\016\136\224\133\371}{}% 57
\BOOKMARK [1][-]{section.8}{\376\377\172\313\230\171\136\372\213\256}{}% 58
\BOOKMARK [1][-]{Item.29}{\376\377\123\302\200\003\215\104\145\231}{}% 59
